OK  [zh] zh/07099.mp3  消化
OK  [es] es/06327.mp3  comida ligera
OK  [es] es/06326.mp3  digestión
OK  [zh] zh/07100.mp3  清淡饮食
OK  [zh] zh/07101.mp3  炒米饭
OK  [es] es/06328.mp3  arroz frito
OK  [es] es/06329.mp3  tortilla flambeada
OK  [zh] zh/07102.mp3  火烧煎蛋卷
OK  [es] es/06330.mp3  huevos conservados en cal
OK  [es] es/06331.mp3  gachas de arroz
OK  [zh] zh/07103.mp3  皮蛋
OK  [zh] zh/07104.mp3  稀饭
OK  [es] es/06332.mp3  leche de soja
OK  [es] es/06333.mp3  pato laqueado
OK  [zh] zh/07105.mp3  豆浆
OK  [zh] zh/07106.mp3  烤鸭
OK  [es] es/06335.mp3  fondue mongola
OK  [zh] zh/07107.mp3  咸鸡蛋
OK  [es] es/06334.mp3  huevo salado
OK  [es] es/06336.mp3  huevo duro
OK  [zh] zh/07108.mp3  火锅
OK  [zh] zh/07109.mp3  煮鸡蛋
OK  [es] es/06337.mp3  foie gras asado
OK  [zh] zh/07110.mp3  烤鹅肝
OK  [zh] zh/07111.mp3  除了……
OK  [es] es/06338.mp3  además de
OK  [es] es/06339.mp3  menú del día
OK  [zh] zh/07112.mp3  套餐
OK  [es] es/06340.mp3  cocinero chino
OK  [zh] zh/07113.mp3  中餐厨师长
OK  [zh] zh/07114.mp3  吃饱喝足
OK  [es] es/06342.mp3  fideos instantáneos
OK  [zh] zh/07115.mp3  方便面
OK  [es] es/06341.mp3  atiparse
OK  [es] es/06343.mp3  extender
OK  [zh] zh/07116.mp3  擀平
OK  [es] es/06344.mp3  fideos de sésamo
OK  [zh] zh/07117.mp3  麻酱面
OK  [es] es/06345.mp3  fideos de arroz
OK  [zh] zh/07118.mp3  米粉
OK  [es] es/06346.mp3  fideos planos
OK  [zh] zh/07119.mp3  扁面条
OK  [zh] zh/07120.mp3  面包片
OK  [zh] zh/07121.mp3  圆面包
OK  [es] es/06347.mp3  la rebanada de pan
OK  [es] es/06349.mp3  pan redondo
OK  [es] es/06350.mp3  pan de centeno
OK  [zh] zh/07122.mp3  圆形面包
OK  [zh] zh/07123.mp3  黑麦面包
OK  [es] es/06351.mp3  croissant
OK  [zh] zh/07124.mp3  牛角面包
OK  [es] es/06352.mp3  pan de crema
OK  [zh] zh/07125.mp3  奶油面包
OK  [es] es/06353.mp3  mousse
OK  [zh] zh/07126.mp3  慕斯
OK  [es] es/06354.mp3  frutas en conserva
OK  [zh] zh/07127.mp3  水果罐头
OK  [es] es/06355.mp3  tarta de crema
OK  [zh] zh/07128.mp3  奶油蛋糕
OK  [zh] zh/07129.mp3  牛肉
OK  [es] es/06356.mp3  carne de vaca
OK  [es] es/06357.mp3  frito
OK  [es] es/06358.mp3  hornear en el horno
OK  [zh] zh/07130.mp3  炒
OK  [es] es/06348.mp3  pan de pita
OK  [es] es/06359.mp3  ya que
OK  [zh] zh/07131.mp3  在烤箱烘烤
OK  [zh] zh/07132.mp3  既然
OK  [zh] zh/07133.mp3  食用油
OK  [es] es/06361.mp3  aceite de soja
OK  [zh] zh/07134.mp3  大豆油
OK  [es] es/06360.mp3  aceite de cocina
OK  [zh] zh/07135.mp3  菜籽油
OK  [es] es/06362.mp3  aceite de colza
OK  [es] es/06363.mp3  aceite de maíz
OK  [es] es/06364.mp3  aceite de maní
OK  [zh] zh/07136.mp3  玉米油
OK  [zh] zh/07137.mp3  花生油
OK  [es] es/06365.mp3  aceite de palma
OK  [zh] zh/07138.mp3  棕榈油
OK  [es] es/06366.mp3  aceite de oliva
OK  [zh] zh/07139.mp3  橄榄油
OK  [es] es/06367.mp3  aceite de sésamo
OK  [zh] zh/07140.mp3  香油
OK  [es] es/06368.mp3  aceite de nuez
OK  [zh] zh/07141.mp3  核桃油
OK  [zh] zh/07142.mp3  调和油
OK  [es] es/06369.mp3  aceite mezclado
OK  [zh] zh/07143.mp3  地沟油
OK  [es] es/06370.mp3  aceite desechado
OK  [es] es/06371.mp3  aceite sucio
OK  [es] es/06372.mp3  olor agradable
OK  [zh] zh/07144.mp3  污油
OK  [zh] zh/07145.mp3  香味
OK  [es] es/06373.mp3  polvo de chile
OK  [zh] zh/07146.mp3  辣椒粉
OK  [es] es/06374.mp3  salsa de soja
OK  [es] es/06375.mp3  vino de cocinar
OK  [zh] zh/07147.mp3  酱油
OK  [es] es/06376.mp3  nuez moscada
OK  [zh] zh/07149.mp3  肉豆蔻
OK  [zh] zh/07148.mp3  料酒
OK  [es] es/06377.mp3  pimienta negra
OK  [es] es/06378.mp3  vino tinto
OK  [zh] zh/07151.mp3  红葡萄酒
OK  [zh] zh/07150.mp3  黑椒
OK  [es] es/06379.mp3  vino blanco
OK  [zh] zh/07152.mp3  白葡萄酒
OK  [es] es/06380.mp3  coktail/cóctel
OK  [zh] zh/07153.mp3  鸡尾酒
OK  [es] es/06381.mp3  vino rosado
OK  [zh] zh/07154.mp3  玫瑰红葡萄酒
OK  [zh] zh/07155.mp3  干葡萄酒
OK  [es] es/06382.mp3  vino seco
OK  [es] es/06383.mp3  vino medio seco
OK  [es] es/06384.mp3  vino dulce
OK  [zh] zh/07156.mp3  半干葡萄酒
OK  [zh] zh/07157.mp3  甜葡萄酒
OK  [es] es/06386.mp3  vino con especias
OK  [es] es/06385.mp3  vino prima
OK  [zh] zh/07158.mp3  天然葡萄酒
OK  [zh] zh/07159.mp3  加香葡萄酒
OK  [es] es/06387.mp3  vino espu-moso
OK  [es] es/06388.mp3  helado de vainilla
OK  [zh] zh/07160.mp3  起泡葡萄酒
OK  [zh] zh/07161.mp3  香草冰激凌
OK  [es] es/06389.mp3  agua helada
OK  [es] es/06390.mp3  zumo de naranja
OK  [zh] zh/07163.mp3  橙汁
OK  [zh] zh/07162.mp3  冰水
OK  [es] es/06391.mp3  coca cola
OK  [zh] zh/07164.mp3  可乐
OK  [es] es/06392.mp3  bebida carbonatada
OK  [zh] zh/07165.mp3  充气饮料
OK  [es] es/06393.mp3  agua mineral
OK  [zh] zh/07166.mp3  矿泉水
OK  [es] es/06394.mp3  té verde
OK  [es] es/06395.mp3  té rojo
OK  [zh] zh/07167.mp3  绿茶
OK  [zh] zh/07168.mp3  红茶
OK  [es] es/06396.mp3  té de jazmín
OK  [zh] zh/07169.mp3  茉莉花茶
OK  [es] es/06397.mp3  té oolong
OK  [zh] zh/07170.mp3  乌龙茶
OK  [es] es/06398.mp3  olor agradable
OK  [es] es/06399.mp3  agua potable
OK  [zh] zh/07171.mp3  香味
OK  [zh] zh/07172.mp3  饮用水
OK  [es] es/06400.mp3  agua hervida
OK  [zh] zh/07174.mp3  热水
OK  [es] es/06401.mp3  agua caliente
OK  [zh] zh/07173.mp3  白开水
OK  [es] es/06402.mp3  agua fría
OK  [zh] zh/07175.mp3  冷水
OK  [es] es/06403.mp3  jarra de cristal
OK  [es] es/06404.mp3  bebida carbonatada
OK  [zh] zh/07176.mp3  玻璃杯
OK  [es] es/06405.mp3  dióxido de carbono
OK  [zh] zh/07178.mp3  二氧化碳
OK  [zh] zh/07177.mp3  碳酸饮料
OK  [es] es/06406.mp3  cerveza en lata
OK  [es] es/06407.mp3  vino
OK  [zh] zh/07179.mp3  瓶装啤酒
OK  [es] es/06408.mp3  grano de café
OK  [zh] zh/07180.mp3  酒； 葡萄酒； 果酒
OK  [es] es/06409.mp3  juego de café
OK  [zh] zh/07182.mp3  咖啡器具
OK  [es] es/06410.mp3  cuchara de café
OK  [zh] zh/07183.mp3  咖啡匙
OK  [es] es/06411.mp3  amoladora de café
OK  [zh] zh/07181.mp3  咖啡豆
OK  [es] es/06413.mp3  café helado
OK  [es] es/06412.mp3  pasar
OK  [zh] zh/07185.mp3  走过，驶过；经过
OK  [zh] zh/07186.mp3  冰咖啡
OK  [zh] zh/07184.mp3  咖啡磨
OK  [es] es/06414.mp3  latté
OK  [zh] zh/07187.mp3  拿铁
OK  [es] es/06415.mp3  café descafeinado
OK  [zh] zh/07188.mp3  脱脂咖啡
OK  [es] es/06416.mp3  café negro
OK  [es] es/06417.mp3  café con leche
OK  [zh] zh/07189.mp3  黑咖啡
OK  [zh] zh/07190.mp3  牛奶咖啡
OK  [es] es/06418.mp3  café instantáneo
OK  [es] es/06419.mp3  vasar
OK  [zh] zh/07191.mp3  速溶咖啡
OK  [zh] zh/07192.mp3  餐具架
OK  [es] es/06420.mp3  acero inoxidable
OK  [zh] zh/07193.mp3  不锈钢
OK  [es] es/06421.mp3  comportamiento
OK  [zh] zh/07194.mp3  行为，举止
OK  [es] es/06422.mp3  Mi cabeza está completa-mente llena de l
OK  [es] es/06423.mp3  taza de cristal
OK  [zh] zh/07195.mp3  Mi cabeza está completa-mente llena de l
OK  [es] es/06424.mp3  taza de café
OK  [zh] zh/07197.mp3  咖啡杯
OK  [es] es/06425.mp3  jarra de cerveza
OK  [zh] zh/07198.mp3  啤酒杯
OK  [zh] zh/07196.mp3  玻璃马克杯
OK  [zh] zh/07199.mp3  玻璃杯
OK  [es] es/06426.mp3  jarra de cristal
OK  [es] es/06427.mp3  estera pequeña
OK  [zh] zh/07200.mp3  小垫子
OK  [es] es/06428.mp3  botella de deporte
OK  [zh] zh/07201.mp3  运动水壶
OK  [es] es/06429.mp3  fruto seco
OK  [zh] zh/07202.mp3  坚果
OK  [es] es/06430.mp3  una pequeña cantidad
OK  [zh] zh/07203.mp3  少量
OK  [es] es/06431.mp3  contener nueces
OK  [zh] zh/07204.mp3  含果仁的
OK  [es] es/06432.mp3  pasas de uva
OK  [zh] zh/07205.mp3  葡萄干
OK  [zh] zh/07206.mp3  葵花籽
OK  [es] es/06433.mp3  semilla de girasol
OK  [zh] zh/07207.mp3  爆米花
OK  [es] es/06434.mp3  palomitas de maíz
OK  [es] es/06435.mp3  caramelo relleno
OK  [zh] zh/07208.mp3  夹心糖
OK  [es] es/06436.mp3  galleta comprimida
OK  [zh] zh/07209.mp3  压缩饼干
OK  [es] es/06437.mp3  galleta digestiva
OK  [es] es/06438.mp3  cookies
OK  [zh] zh/07211.mp3  曲奇饼干
OK  [zh] zh/07210.mp3  消化饼干
OK  [zh] zh/07212.mp3  饼干盒
OK  [es] es/06440.mp3  gofres
OK  [es] es/06439.mp3  caja de galletas
OK  [zh] zh/07213.mp3  华夫饼
OK  [es] es/06441.mp3  cracker
OK  [zh] zh/07214.mp3  薄饼干
OK  [es] es/06442.mp3  bretzel
OK  [es] es/06443.mp3  pastelería
OK  [zh] zh/07215.mp3  椒盐脆饼干
OK  [zh] zh/07216.mp3  糕点，糕点制作法
OK  [es] es/06444.mp3  secar al aire
OK  [zh] zh/07217.mp3  风干
OK  [es] es/06445.mp3  aditivo alimentario
OK  [zh] zh/07218.mp3  食品添加剂
OK  [es] es/06446.mp3  ácido vanílico
OK  [zh] zh/07219.mp3  香草酸
OK  [es] es/06447.mp3  osmótico
OK  [zh] zh/07220.mp3  渗透的，渗透作用的

DONE: 382/382 generated
