OK  [zh] zh/07032.mp3  内衣
OK  [es] es/06255.mp3  ropa interior
OK  [zh] zh/07033.mp3  运动服
OK  [es] es/06256.mp3  ropa deportiva
OK  [es] es/06257.mp3  de moda
OK  [zh] zh/07034.mp3  时尚的
OK  [es] es/06258.mp3  trajes de baño
OK  [zh] zh/07035.mp3  游泳衣
OK  [es] es/06259.mp3  materiales de la ropa
OK  [es] es/06260.mp3  buena calidad
OK  [zh] zh/07036.mp3  服装材料
OK  [zh] zh/07037.mp3  质量好的
OK  [es] es/06261.mp3  fibra sintética
OK  [es] es/06262.mp3  verde esmeralda
OK  [zh] zh/07038.mp3  合成纤维
OK  [zh] zh/07039.mp3  翡翠绿
OK  [es] es/06263.mp3  verde claro
OK  [zh] zh/07040.mp3  浅绿色
OK  [es] es/06264.mp3  verde de manzana
OK  [zh] zh/07041.mp3  苹果绿
OK  [es] es/06265.mp3  verde oscuro
OK  [zh] zh/07042.mp3  暗绿色
OK  [es] es/06266.mp3  amarillo de mostaza
OK  [zh] zh/07043.mp3  芥末黄
OK  [es] es/06267.mp3  amarillo limón
OK  [es] es/06268.mp3  amarillo claro
OK  [zh] zh/07045.mp3  微黄色的
OK  [zh] zh/07044.mp3  柠檬黄
OK  [es] es/06269.mp3  amarillo-verde
OK  [es] es/06270.mp3  amarillo-marrón
OK  [zh] zh/07047.mp3  黄褐色
OK  [zh] zh/07046.mp3  黄绿色
OK  [es] es/06271.mp3  amarillo dorado
OK  [zh] zh/07048.mp3  金黄色
OK  [es] es/06272.mp3  azul cielo
OK  [es] es/06273.mp3  azul oscuro
OK  [es] es/06274.mp3  azul marino
OK  [zh] zh/07049.mp3  天蓝色
OK  [zh] zh/07051.mp3  海蓝色
OK  [zh] zh/07050.mp3  深蓝色
OK  [zh] zh/07052.mp3  普蓝色
OK  [es] es/06275.mp3  azul de Berlín
OK  [es] es/06276.mp3  azul de cobalto
OK  [zh] zh/07053.mp3  瓷蓝色
OK  [es] es/06277.mp3  azul zafiro
OK  [zh] zh/07054.mp3  宝蓝色
OK  [es] es/06278.mp3  azul oscuro
OK  [zh] zh/07055.mp3  碧蓝色
OK  [zh] zh/07056.mp3  藏蓝色
OK  [es] es/06279.mp3  azul purpúreo
OK  [es] es/06280.mp3  turquí
OK  [zh] zh/07057.mp3  深蓝的，靛青的
OK  [es] es/06281.mp3  violeta claro
OK  [es] es/06282.mp3  violeta oscuro
OK  [zh] zh/07059.mp3  深紫色
OK  [zh] zh/07058.mp3  浅紫色
OK  [zh] zh/07060.mp3  紫色的
OK  [es] es/06284.mp3  morado
OK  [es] es/06283.mp3  cárdeno
OK  [zh] zh/07061.mp3  深紫色的
OK  [es] es/06285.mp3  púrpura
OK  [es] es/06286.mp3  amoratado
OK  [es] es/06287.mp3  magenta
OK  [zh] zh/07063.mp3  洋红色
OK  [zh] zh/07062.mp3  青紫色的
OK  [zh] zh/07064.mp3  洋红的
OK  [es] es/06289.mp3  rojo oscuro
OK  [zh] zh/07065.mp3  深红色
OK  [es] es/06288.mp3  carmíneo
OK  [es] es/06291.mp3  marrón claro
OK  [zh] zh/07066.mp3  深红色
OK  [es] es/06290.mp3  rojo oscuro
OK  [zh] zh/07067.mp3  浅棕色
OK  [es] es/06292.mp3  hacer juego
OK  [zh] zh/07068.mp3  与……相配
OK  [es] es/06293.mp3  últimos estilos
OK  [zh] zh/07069.mp3  最新款式
OK  [zh] zh/07070.mp3  U型领
OK  [es] es/06295.mp3  escote en-v
OK  [es] es/06294.mp3  escote en-u
OK  [zh] zh/07071.mp3  V型领
OK  [es] es/06296.mp3  ropa de maternidad
OK  [zh] zh/07072.mp3  孕妇装
OK  [es] es/06297.mp3  chapeo de hierba
OK  [zh] zh/07074.mp3  戴着
OK  [zh] zh/07073.mp3  草帽
OK  [es] es/06298.mp3  vistiendo
OK  [es] es/06299.mp3  pañuelo de cabeza
OK  [zh] zh/07075.mp3  头巾
OK  [es] es/06300.mp3  abrigo corto
OK  [zh] zh/07076.mp3  短大衣
OK  [zh] zh/07077.mp3  T-恤衫
OK  [es] es/06301.mp3  camiseta interior
OK  [zh] zh/07078.mp3  开襟短上衣
OK  [es] es/06303.mp3  suéter sin mangas
OK  [es] es/06302.mp3  chaqueta cárdigan
OK  [es] es/06304.mp3  ropa interior
OK  [zh] zh/07079.mp3  无袖毛衣
OK  [zh] zh/07080.mp3  内衣
OK  [es] es/06305.mp3  sin mangas
OK  [zh] zh/07081.mp3  无袖的
OK  [es] es/06307.mp3  pantalones cortos
OK  [zh] zh/07082.mp3  喇叭裤
OK  [es] es/06306.mp3  pantalones acampanados
OK  [zh] zh/07083.mp3  灯笼裤
OK  [es] es/06308.mp3  pantalones anchos
OK  [es] es/06309.mp3  pierna del pantalón
OK  [zh] zh/07084.mp3  裤腿
OK  [zh] zh/07085.mp3  拉链
OK  [es] es/06310.mp3  zip
OK  [es] es/06311.mp3  mini falda
OK  [zh] zh/07086.mp3  迷你短裙
OK  [es] es/06312.mp3  falda de ballet
OK  [es] es/06313.mp3  falda corta
OK  [zh] zh/07088.mp3  短褶裙
OK  [zh] zh/07087.mp3  芭蕾舞裙
OK  [es] es/06314.mp3  falda con pata de elefante
OK  [zh] zh/07089.mp3  喇叭裙
OK  [zh] zh/07090.mp3  无袖连衣裙
OK  [es] es/06315.mp3  traje sin mangas
OK  [es] es/06316.mp3  traje suelto
OK  [zh] zh/07091.mp3  宽松连衣裙
OK  [es] es/06318.mp3  zapatos de tacón alto
OK  [zh] zh/07092.mp3  高跟鞋
OK  [es] es/06317.mp3  calzado deportivo
OK  [zh] zh/07093.mp3  矮跟鞋
OK  [es] es/06320.mp3  un par
OK  [es] es/06319.mp3  zapatos de tacón bajo
OK  [zh] zh/07094.mp3  一双，一对
OK  [es] es/06321.mp3  zapatos viejos
OK  [zh] zh/07095.mp3  旧鞋
OK  [es] es/06322.mp3  bolsa de viaje
OK  [es] es/06323.mp3  bolsa para la escuela
OK  [zh] zh/07096.mp3  旅行袋
OK  [zh] zh/07097.mp3  书包
OK  [es] es/06324.mp3  ¿Te gusta el uniforme de azul cielo o de
OK  [zh] zh/07098.mp3  你喜欢天蓝的还是深蓝的制服？
OK  [es] es/06325.mp3  El violado es para usted.

DONE: 138/138 generated
